4
5
3
In func h: 5
Int func g: 5
In main: 5
All greater than 0
y is: 5
y is: 4
y is: 3
y is: 2
y is: 1
X is: 5
X is: 4
X is: 3
X is: 2
X is: 1
