1
1
1
3
3
3
Greater than zero
8
7
6
5
4
3
2
1
Not a==b
