preorder traversal:
7
4
1
0
2
3
5
6
inorder tranversal:
0
1
2
3
4
5
6
7
